[master 042b5d4] Auto-commit: 2026-03-13 00:00:01
 5 files changed, 60 insertions(+)
 create mode 100644 MEMORY.md
 create mode 100644 logs/git-auto-commit.log
 create mode 100644 memory/heartbeat-state.json
 create mode 100755 scripts/auto-git-commit.sh
To github.com:qimf2022/openclaw.git
   48c777b..042b5d4  master -> dev
[Fri Mar 13 12:00:08 AM CST 2026] 自动提交完成
[Sat Mar 14 12:00:01 AM CST 2026] 没有变更，跳过提交
[master 5925fc7] Auto-commit: 2026-03-15 00:00:01
 1 file changed, 3 insertions(+), 3 deletions(-)
To github.com:qimf2022/openclaw.git
   a03a656..5925fc7  master -> dev
[Sun Mar 15 12:00:05 AM CST 2026] 自动提交完成
[master 5488e4b] Auto-commit: 2026-03-16 00:00:01
 2 files changed, 9 insertions(+), 3 deletions(-)
To github.com:qimf2022/openclaw.git
   1f1ecbe..5488e4b  master -> dev
[Mon Mar 16 12:00:05 AM CST 2026] 自动提交完成
[Mon Mar 16 12:00:10 AM CST 2026] 执行每周合并：dev -> master 并推送
[dev 6f48895] Auto-commit: 2026-03-17 00:00:01
 2 files changed, 4 insertions(+), 3 deletions(-)
Everything up-to-date
[Tue Mar 17 12:00:05 AM CST 2026] 自动提交完成
[dev 8adabe1] Auto-commit: 2026-03-18 00:00:01
 1 file changed, 3 insertions(+), 3 deletions(-)
To github.com:qimf2022/openclaw.git
 ! [rejected]        master -> dev (non-fast-forward)
error: failed to push some refs to 'github.com:qimf2022/openclaw.git'
hint: Updates were rejected because the tip of your current branch is behind
hint: its remote counterpart. If you want to integrate the remote changes,
hint: use 'git pull' before pushing again.
hint: See the 'Note about fast-forwards' in 'git push --help' for details.
[Wed Mar 18 12:00:05 AM CST 2026] 自动提交完成
[Wed Mar 18 12:01:10 AM CST 2026] 自动提交完成
[dev b56524e] Auto-commit: 2026-03-19 00:00:01
 2 files changed, 4 insertions(+), 3 deletions(-)
To github.com:qimf2022/openclaw.git
 ! [rejected]        master -> dev (non-fast-forward)
error: failed to push some refs to 'github.com:qimf2022/openclaw.git'
hint: Updates were rejected because the tip of your current branch is behind
hint: its remote counterpart. If you want to integrate the remote changes,
hint: use 'git pull' before pushing again.
hint: See the 'Note about fast-forwards' in 'git push --help' for details.
[Thu Mar 19 12:00:05 AM CST 2026] 自动提交完成
[Thu Mar 19 12:00:13 AM CST 2026] 开始执行每日自动Git提交任务
[Thu Mar 19 12:00:17 AM CST 2026] 自动提交完成
[dev c3b866e] Auto-commit: 2026-03-20 00:00:01
 2 files changed, 4 insertions(+), 3 deletions(-)
To github.com:qimf2022/openclaw.git
 ! [rejected]        master -> dev (non-fast-forward)
error: failed to push some refs to 'github.com:qimf2022/openclaw.git'
hint: Updates were rejected because the tip of your current branch is behind
hint: its remote counterpart. If you want to integrate the remote changes,
hint: use 'git pull' before pushing again.
hint: See the 'Note about fast-forwards' in 'git push --help' for details.
[Fri Mar 20 12:00:06 AM CST 2026] 自动提交完成
[Sat Mar 21 12:00:01 AM CST 2026] 没有变更，跳过提交
[dev 23fcaee] Daily auto-commit: 2026-03-21
 1 file changed, 1 insertion(+)
To github.com:qimf2022/openclaw.git
   8a54538..23fcaee  dev -> dev
[Sat Mar 21 12:00:10 AM CST 2026] 自动提交完成
[dev ab02af9] Auto-commit: 2026-03-22 00:00:01
 1 file changed, 3 insertions(+), 3 deletions(-)
To github.com:qimf2022/openclaw.git
 ! [rejected]        master -> dev (non-fast-forward)
error: failed to push some refs to 'github.com:qimf2022/openclaw.git'
hint: Updates were rejected because the tip of your current branch is behind
hint: its remote counterpart. If you want to integrate the remote changes,
hint: use 'git pull' before pushing again.
hint: See the 'Note about fast-forwards' in 'git push --help' for details.
[Sun Mar 22 12:00:08 AM CST 2026] 自动提交完成
[dev c7cf35f] Auto-commit: 2026-03-23 00:00:01
 1 file changed, 3 insertions(+), 3 deletions(-)
To github.com:qimf2022/openclaw.git
   3976b28..c87234e  master -> dev
[Mon Mar 23 12:00:06 AM CST 2026] 自动提交完成
[dev 48a982a] Auto-commit: 2026-03-24 00:00:01
 2 files changed, 8 insertions(+), 3 deletions(-)
To github.com:qimf2022/openclaw.git
   6fbeee7..48a982a  dev -> dev
[Tue Mar 24 12:00:07 AM CST 2026] 自动提交完成
[dev 80e3e94] Auto-commit: 2026-03-25 00:00:01
 1 file changed, 3 insertions(+), 2 deletions(-)
To github.com:qimf2022/openclaw.git
   63a2149..80e3e94  dev -> dev
[Wed Mar 25 12:00:06 AM CST 2026] 自动提交完成
[dev 7f314f7] Auto-commit: 2026-03-26 00:00:01
 1 file changed, 3 insertions(+), 3 deletions(-)
To github.com:qimf2022/openclaw.git
   6664fb8..7f314f7  dev -> dev
[Thu Mar 26 12:00:07 AM CST 2026] 自动提交完成
[dev ba4ee22] Auto-commit: 2026-03-27 00:00:01
 1 file changed, 3 insertions(+), 3 deletions(-)
To github.com:qimf2022/openclaw.git
   ea6c422..ba4ee22  dev -> dev
[Fri Mar 27 12:00:07 AM CST 2026] 自动提交完成
[dev e77ef51] Auto-commit: 2026-03-28 00:00:01
 2 files changed, 9 insertions(+), 3 deletions(-)
To github.com:qimf2022/openclaw.git
   ba4ee22..e77ef51  dev -> dev
[Sat Mar 28 12:00:06 AM CST 2026] 自动提交完成
=== 2026-03-28 00:00:31 ===
[dev 4fbf24d] Auto-commit: 2026-03-29 00:00:01
 1 file changed, 3 insertions(+), 3 deletions(-)
To github.com:qimf2022/openclaw.git
   6bc06a1..4fbf24d  dev -> dev
[Sun Mar 29 12:00:06 AM CST 2026] 自动提交完成
[Mon Mar 30 12:00:01 AM CST 2026] 没有变更，跳过提交
[dev 8fbf099] Auto-commit: 2026-03-31 00:00:01
 1 file changed, 4 insertions(+), 4 deletions(-)
To github.com:qimf2022/openclaw.git
   0d05e34..8fbf099  dev -> dev
[Tue Mar 31 12:00:06 AM CST 2026] 自动提交完成
[Wed Apr  1 12:00:01 AM CST 2026] 没有变更，跳过提交
[dev 34c0ddf] Auto-commit: 2026-04-02 00:00:01
 1 file changed, 4 insertions(+), 4 deletions(-)
To github.com:qimf2022/openclaw.git
   4926c8a..34c0ddf  dev -> dev
[Thu Apr  2 12:00:08 AM CST 2026] 自动提交完成
[dev 3cc1973] Auto-commit: 2026-04-03 00:00:01
 1 file changed, 2 insertions(+), 2 deletions(-)
To github.com:qimf2022/openclaw.git
   fb4f344..3cc1973  dev -> dev
[Fri Apr  3 12:00:07 AM CST 2026] 自动提交完成
[dev ac5e1e0] Auto-commit: 2026-04-04 00:00:01
 1 file changed, 4 insertions(+), 4 deletions(-)
To github.com:qimf2022/openclaw.git
   b233b58..ac5e1e0  dev -> dev
[Sat Apr  4 12:00:06 AM CST 2026] 自动提交完成
[dev 72fd251] Auto-commit: 2026-04-05 00:00:01
 1 file changed, 5 insertions(+), 5 deletions(-)
To github.com:qimf2022/openclaw.git
   ee2ce75..72fd251  dev -> dev
[Sun Apr  5 12:00:07 AM CST 2026] 自动提交完成
[dev a383f6e] Auto-commit: 2026-04-06 00:00:01
 1 file changed, 5 insertions(+), 5 deletions(-)
To github.com:qimf2022/openclaw.git
   9d3fbd3..a383f6e  dev -> dev
[Mon Apr  6 12:00:07 AM CST 2026] 自动提交完成
[Tue Apr  7 12:00:01 AM CST 2026] 没有变更，跳过提交
[dev 4160791] Daily auto-commit: 2026-04-07
 1 file changed, 1 insertion(+)
To github.com:qimf2022/openclaw.git
   e16a901..4160791  dev -> dev
[Tue Apr  7 12:00:10 AM CST 2026] 自动提交完成
[dev e3cd875] Auto-commit: 2026-04-08 00:00:01
 1 file changed, 4 insertions(+), 4 deletions(-)
To github.com:qimf2022/openclaw.git
   3fc0524..e3cd875  dev -> dev
[Wed Apr  8 12:00:08 AM CST 2026] 自动提交完成
[dev eb5a9c3] Auto-commit: 2026-04-09 00:00:01
 1 file changed, 4 insertions(+), 4 deletions(-)
To github.com:qimf2022/openclaw.git
   83ac9d0..eb5a9c3  dev -> dev
[Thu Apr  9 12:00:06 AM CST 2026] 自动提交完成
[dev 56b332f] Auto-commit: 2026-04-10 00:00:01
 1 file changed, 4 insertions(+), 5 deletions(-)
To github.com:qimf2022/openclaw.git
   be05a41..56b332f  dev -> dev
[Fri Apr 10 12:00:08 AM CST 2026] 自动提交完成
[dev fe52d6c] Auto-commit: 2026-04-11 00:00:01
 1 file changed, 3 insertions(+), 3 deletions(-)
To github.com:qimf2022/openclaw.git
   bb29532..fe52d6c  dev -> dev
[Sat Apr 11 12:00:06 AM CST 2026] 自动提交完成
[dev 5f46176] Auto-commit: 2026-04-12 00:00:01
 1 file changed, 5 insertions(+)
To github.com:qimf2022/openclaw.git
   fe52d6c..5f46176  dev -> dev
[Sun Apr 12 12:00:06 AM CST 2026] 自动提交完成
[dev ae53642] Auto-commit: 2026-04-13 00:00:01
 1 file changed, 5 insertions(+)
To github.com:qimf2022/openclaw.git
   5f46176..ae53642  dev -> dev
[Mon Apr 13 12:00:07 AM CST 2026] 自动提交完成
[dev 33e9224] Auto-commit: 2026-04-14 00:00:01
 1 file changed, 5 insertions(+)
To github.com:qimf2022/openclaw.git
   ae53642..33e9224  dev -> dev
[Tue Apr 14 12:00:05 AM CST 2026] 自动提交完成
[dev a6be352] Auto-commit: 2026-04-15 00:00:01
 1 file changed, 5 insertions(+)
To github.com:qimf2022/openclaw.git
   33e9224..a6be352  dev -> dev
[Wed Apr 15 12:00:08 AM CST 2026] 自动提交完成
[dev 573e79e] Auto-commit: 2026-04-16 00:00:01
 1 file changed, 5 insertions(+)
To github.com:qimf2022/openclaw.git
   a6be352..573e79e  dev -> dev
[Thu Apr 16 12:00:06 AM CST 2026] 自动提交完成
[dev 7aa7d12] Auto-commit: 2026-04-17 00:00:01
 1 file changed, 5 insertions(+)
To github.com:qimf2022/openclaw.git
   573e79e..7aa7d12  dev -> dev
[Fri Apr 17 12:00:07 AM CST 2026] 自动提交完成
[dev d97776d] Auto-commit: 2026-04-18 00:00:01
 1 file changed, 5 insertions(+)
To github.com:qimf2022/openclaw.git
   7aa7d12..d97776d  dev -> dev
[Sat Apr 18 12:00:08 AM CST 2026] 自动提交完成
[dev dde1566] Auto-commit: 2026-04-19 00:00:01
 1 file changed, 5 insertions(+)
To github.com:qimf2022/openclaw.git
   d97776d..dde1566  dev -> dev
[Sun Apr 19 12:00:07 AM CST 2026] 自动提交完成
[dev fca7ec9] Auto-commit: 2026-04-20 00:00:01
 1 file changed, 5 insertions(+)
To github.com:qimf2022/openclaw.git
   dde1566..fca7ec9  dev -> dev
[Mon Apr 20 12:00:05 AM CST 2026] 自动提交完成
[dev 89041ef] Auto-commit: 2026-04-21 00:00:01
 1 file changed, 5 insertions(+)
To github.com:qimf2022/openclaw.git
   fca7ec9..89041ef  dev -> dev
[Tue Apr 21 12:00:07 AM CST 2026] 自动提交完成
[dev bdffd14] Auto-commit: 2026-04-22 00:00:01
 1 file changed, 5 insertions(+)
To github.com:qimf2022/openclaw.git
   89041ef..bdffd14  dev -> dev
[Wed Apr 22 12:00:07 AM CST 2026] 自动提交完成
[dev d59a36b] Auto-commit: 2026-04-23 00:00:01
 1 file changed, 5 insertions(+)
To github.com:qimf2022/openclaw.git
   bdffd14..d59a36b  dev -> dev
[Thu Apr 23 12:00:07 AM CST 2026] 自动提交完成
[dev ec114b9] Auto-commit: 2026-04-24 00:00:01
 1 file changed, 5 insertions(+)
To github.com:qimf2022/openclaw.git
   d59a36b..ec114b9  dev -> dev
[Fri Apr 24 12:00:09 AM CST 2026] 自动提交完成
[dev 008655d] Auto-commit: 2026-04-25 00:00:01
 1 file changed, 5 insertions(+)
To github.com:qimf2022/openclaw.git
   ec114b9..008655d  dev -> dev
[Sat Apr 25 12:00:06 AM CST 2026] 自动提交完成
[dev 555214f] Auto-commit: 2026-04-26 00:00:01
 1 file changed, 5 insertions(+)
To github.com:qimf2022/openclaw.git
   008655d..555214f  dev -> dev
[Sun Apr 26 12:00:05 AM CST 2026] 自动提交完成
[dev 284fca7] Auto-commit: 2026-04-27 00:00:01
 1 file changed, 5 insertions(+)
To github.com:qimf2022/openclaw.git
   555214f..284fca7  dev -> dev
[Mon Apr 27 12:00:06 AM CST 2026] 自动提交完成
[dev 5eb0ad1] Auto-commit: 2026-04-28 00:00:01
 1 file changed, 5 insertions(+)
To github.com:qimf2022/openclaw.git
   284fca7..5eb0ad1  dev -> dev
[Tue Apr 28 12:00:09 AM CST 2026] 自动提交完成
[dev 75c0810] Auto-commit: 2026-04-29 00:00:01
 1 file changed, 5 insertions(+)
To github.com:qimf2022/openclaw.git
   5eb0ad1..75c0810  dev -> dev
[Wed Apr 29 12:00:09 AM CST 2026] 自动提交完成
[dev 54bfd4d] Auto-commit: 2026-04-30 00:00:02
 1 file changed, 5 insertions(+)
To github.com:qimf2022/openclaw.git
   75c0810..54bfd4d  dev -> dev
[Thu Apr 30 12:00:07 AM CST 2026] 自动提交完成
[dev 097d4c4] Auto-commit: 2026-05-01 00:00:01
 1 file changed, 5 insertions(+)
To github.com:qimf2022/openclaw.git
   54bfd4d..097d4c4  dev -> dev
[Fri May  1 12:00:07 AM CST 2026] 自动提交完成
[dev 9dd12b4] Auto-commit: 2026-05-02 00:00:01
 1 file changed, 5 insertions(+)
To github.com:qimf2022/openclaw.git
   097d4c4..9dd12b4  dev -> dev
[Sat May  2 12:00:11 AM CST 2026] 自动提交完成
[dev af25668] Auto-commit: 2026-05-03 00:00:01
 1 file changed, 5 insertions(+)
To github.com:qimf2022/openclaw.git
   9dd12b4..af25668  dev -> dev
[Sun May  3 12:00:07 AM CST 2026] 自动提交完成
[dev d5bb9a2] Auto-commit: 2026-05-04 00:00:01
 1 file changed, 5 insertions(+)
To github.com:qimf2022/openclaw.git
   af25668..d5bb9a2  dev -> dev
[Mon May  4 12:00:06 AM CST 2026] 自动提交完成
[dev 7186bf7] Auto-commit: 2026-05-05 00:00:01
 1 file changed, 5 insertions(+)
To github.com:qimf2022/openclaw.git
   d5bb9a2..7186bf7  dev -> dev
[Tue May  5 12:00:15 AM CST 2026] 自动提交完成
[dev a9591d8] Auto-commit: 2026-05-06 00:00:01
 1 file changed, 5 insertions(+)
To github.com:qimf2022/openclaw.git
   7186bf7..a9591d8  dev -> dev
[Wed May  6 12:00:17 AM CST 2026] 自动提交完成
[dev bdb7da7] Auto-commit: 2026-05-07 00:00:01
 1 file changed, 5 insertions(+)
To github.com:qimf2022/openclaw.git
   a9591d8..bdb7da7  dev -> dev
[Thu May  7 12:00:07 AM CST 2026] 自动提交完成
[dev 8ed35d4] Auto-commit: 2026-05-08 00:00:01
 1 file changed, 5 insertions(+)
To github.com:qimf2022/openclaw.git
   bdb7da7..8ed35d4  dev -> dev
[Fri May  8 12:00:07 AM CST 2026] 自动提交完成
[dev 02cf1ac] Auto-commit: 2026-05-09 00:00:01
 1 file changed, 5 insertions(+)
To github.com:qimf2022/openclaw.git
   8ed35d4..02cf1ac  dev -> dev
[Sat May  9 12:00:08 AM CST 2026] 自动提交完成
[dev 5b79eff] Auto-commit: 2026-05-10 00:00:01
 1 file changed, 5 insertions(+)
To github.com:qimf2022/openclaw.git
   02cf1ac..5b79eff  dev -> dev
[Sun May 10 12:00:07 AM CST 2026] 自动提交完成
[dev a42de76] Auto-commit: 2026-05-11 00:00:01
 1 file changed, 5 insertions(+)
To github.com:qimf2022/openclaw.git
   5b79eff..a42de76  dev -> dev
[Mon May 11 12:00:06 AM CST 2026] 自动提交完成
[dev 64a9d2a] Auto-commit: 2026-05-12 00:00:01
 1 file changed, 5 insertions(+)
To github.com:qimf2022/openclaw.git
   a42de76..64a9d2a  dev -> dev
[Tue May 12 12:00:08 AM CST 2026] 自动提交完成
[dev 798fbaa] Auto-commit: 2026-05-13 00:00:01
 1 file changed, 5 insertions(+)
To github.com:qimf2022/openclaw.git
   64a9d2a..798fbaa  dev -> dev
[Wed May 13 12:00:07 AM CST 2026] 自动提交完成
[dev 6a40187] Auto-commit: 2026-05-14 00:00:01
 1 file changed, 5 insertions(+)
To github.com:qimf2022/openclaw.git
   798fbaa..6a40187  dev -> dev
[Thu May 14 12:00:07 AM CST 2026] 自动提交完成
[dev 42e1964] Auto-commit: 2026-05-15 00:00:01
 1 file changed, 5 insertions(+)
To github.com:qimf2022/openclaw.git
   6a40187..42e1964  dev -> dev
[Fri May 15 12:00:08 AM CST 2026] 自动提交完成
[dev ab31376] Auto-commit: 2026-05-16 00:00:01
 1 file changed, 5 insertions(+)
To github.com:qimf2022/openclaw.git
   42e1964..ab31376  dev -> dev
[Sat May 16 12:00:08 AM CST 2026] 自动提交完成
[dev 9afcfab] Auto-commit: 2026-05-17 00:00:01
 1 file changed, 5 insertions(+)
To github.com:qimf2022/openclaw.git
   ab31376..9afcfab  dev -> dev
[Sun May 17 12:00:06 AM CST 2026] 自动提交完成
[dev d75a217] Auto-commit: 2026-05-18 00:00:01
 1 file changed, 5 insertions(+)
To github.com:qimf2022/openclaw.git
   9afcfab..d75a217  dev -> dev
[Mon May 18 12:00:06 AM CST 2026] 自动提交完成
[dev 5e56aa1] Auto-commit: 2026-05-19 00:00:01
 1 file changed, 5 insertions(+)
To github.com:qimf2022/openclaw.git
   d75a217..5e56aa1  dev -> dev
[Tue May 19 12:00:06 AM CST 2026] 自动提交完成
[dev c82df78] Auto-commit: 2026-05-20 00:00:01
 1 file changed, 5 insertions(+)
To github.com:qimf2022/openclaw.git
   5e56aa1..c82df78  dev -> dev
[Wed May 20 12:00:06 AM CST 2026] 自动提交完成
[dev 23f43f1] Auto-commit: 2026-05-21 00:00:01
 1 file changed, 5 insertions(+)
To github.com:qimf2022/openclaw.git
   c82df78..23f43f1  dev -> dev
[Thu May 21 12:00:08 AM CST 2026] 自动提交完成
[dev 6d139fe] Auto-commit: 2026-05-22 00:00:01
 1 file changed, 5 insertions(+)
To github.com:qimf2022/openclaw.git
   23f43f1..6d139fe  dev -> dev
[Fri May 22 12:00:08 AM CST 2026] 自动提交完成
[dev 8e6c5ae] Auto-commit: 2026-05-23 00:00:01
 1 file changed, 5 insertions(+)
To github.com:qimf2022/openclaw.git
   6d139fe..8e6c5ae  dev -> dev
[Sat May 23 12:00:06 AM CST 2026] 自动提交完成
[dev 345bcbf] Auto-commit: 2026-05-24 00:00:01
 1 file changed, 5 insertions(+)
To github.com:qimf2022/openclaw.git
   8e6c5ae..345bcbf  dev -> dev
[Sun May 24 12:00:05 AM CST 2026] 自动提交完成
[dev a22dc56] Auto-commit: 2026-05-25 00:00:01
 1 file changed, 5 insertions(+)
To github.com:qimf2022/openclaw.git
   345bcbf..a22dc56  dev -> dev
[Mon May 25 12:00:07 AM CST 2026] 自动提交完成
[dev 2c8f0c4] Auto-commit: 2026-05-26 00:00:01
 1 file changed, 5 insertions(+)
To github.com:qimf2022/openclaw.git
   a22dc56..2c8f0c4  dev -> dev
[Tue May 26 12:00:07 AM CST 2026] 自动提交完成
[dev ee18556] Auto-commit: 2026-05-27 00:00:01
 1 file changed, 5 insertions(+)
To github.com:qimf2022/openclaw.git
   2c8f0c4..ee18556  dev -> dev
[Wed May 27 12:00:07 AM CST 2026] 自动提交完成
[dev 0cbee57] Auto-commit: 2026-05-28 00:00:01
 1 file changed, 5 insertions(+)
To github.com:qimf2022/openclaw.git
   ee18556..0cbee57  dev -> dev
[Thu May 28 12:00:07 AM CST 2026] 自动提交完成
[dev 0c930b9] Auto-commit: 2026-05-29 00:00:01
 1 file changed, 5 insertions(+)
To github.com:qimf2022/openclaw.git
   0cbee57..0c930b9  dev -> dev
[Fri May 29 12:00:06 AM CST 2026] 自动提交完成
[dev aceda07] Auto-commit: 2026-05-30 00:00:01
 1 file changed, 5 insertions(+)
To github.com:qimf2022/openclaw.git
   0c930b9..aceda07  dev -> dev
[Sat May 30 12:00:08 AM CST 2026] 自动提交完成
[dev 4c6c073] Auto-commit: 2026-05-31 00:00:01
 1 file changed, 5 insertions(+)
To github.com:qimf2022/openclaw.git
   aceda07..4c6c073  dev -> dev
[Sun May 31 12:00:07 AM CST 2026] 自动提交完成
[dev c2edbbc] Auto-commit: 2026-06-01 00:00:01
 1 file changed, 5 insertions(+)
To github.com:qimf2022/openclaw.git
   4c6c073..c2edbbc  dev -> dev
[Mon Jun  1 12:00:05 AM CST 2026] 自动提交完成
[dev 3f64360] Auto-commit: 2026-06-02 00:00:01
 1 file changed, 5 insertions(+)
To github.com:qimf2022/openclaw.git
   c2edbbc..3f64360  dev -> dev
[Tue Jun  2 12:00:06 AM CST 2026] 自动提交完成
[dev 579a852] Auto-commit: 2026-06-03 00:00:01
 1 file changed, 5 insertions(+)
To github.com:qimf2022/openclaw.git
   3f64360..579a852  dev -> dev
[Wed Jun  3 12:00:08 AM CST 2026] 自动提交完成
[dev bbe7145] Auto-commit: 2026-06-04 00:00:01
 1 file changed, 5 insertions(+)
To github.com:qimf2022/openclaw.git
   579a852..bbe7145  dev -> dev
[Thu Jun  4 12:00:08 AM CST 2026] 自动提交完成
[dev 84208b9] Auto-commit: 2026-06-05 00:00:02
 1 file changed, 5 insertions(+)
To github.com:qimf2022/openclaw.git
   bbe7145..84208b9  dev -> dev
[Fri Jun  5 12:00:08 AM CST 2026] 自动提交完成
[dev 5257956] Auto-commit: 2026-06-06 00:00:01
 1 file changed, 5 insertions(+)
To github.com:qimf2022/openclaw.git
   84208b9..5257956  dev -> dev
[Sat Jun  6 12:00:07 AM CST 2026] 自动提交完成
[dev b36ef7e] Auto-commit: 2026-06-07 00:00:01
 1 file changed, 5 insertions(+)
To github.com:qimf2022/openclaw.git
   5257956..b36ef7e  dev -> dev
[Sun Jun  7 12:00:06 AM CST 2026] 自动提交完成
[dev ed16617] Auto-commit: 2026-06-08 00:00:02
 1 file changed, 5 insertions(+)
To github.com:qimf2022/openclaw.git
   b36ef7e..ed16617  dev -> dev
[Mon Jun  8 12:00:07 AM CST 2026] 自动提交完成
[dev 40e209f] Auto-commit: 2026-06-09 00:00:02
 1 file changed, 5 insertions(+)
To github.com:qimf2022/openclaw.git
   ed16617..40e209f  dev -> dev
[Tue Jun  9 12:00:08 AM CST 2026] 自动提交完成
[dev f3860fe] Auto-commit: 2026-06-10 00:00:01
 1 file changed, 5 insertions(+)
To github.com:qimf2022/openclaw.git
   40e209f..f3860fe  dev -> dev
[Wed Jun 10 12:00:07 AM CST 2026] 自动提交完成
[dev 4a50b2c] Auto-commit: 2026-06-11 00:00:01
 1 file changed, 5 insertions(+)
To github.com:qimf2022/openclaw.git
   f3860fe..4a50b2c  dev -> dev
[Thu Jun 11 12:00:07 AM CST 2026] 自动提交完成
[dev 7d26a24] Auto-commit: 2026-06-12 00:00:01
 1 file changed, 5 insertions(+)
To github.com:qimf2022/openclaw.git
   4a50b2c..7d26a24  dev -> dev
[Fri Jun 12 12:00:08 AM CST 2026] 自动提交完成
[dev 12be40b] Auto-commit: 2026-06-13 00:00:01
 1 file changed, 5 insertions(+)
To github.com:qimf2022/openclaw.git
   7d26a24..12be40b  dev -> dev
[Sat Jun 13 12:00:07 AM CST 2026] 自动提交完成
[dev c12e4ed] Auto-commit: 2026-06-14 00:00:01
 1 file changed, 5 insertions(+)
To github.com:qimf2022/openclaw.git
   12be40b..c12e4ed  dev -> dev
[Sun Jun 14 12:00:07 AM CST 2026] 自动提交完成
[dev b8d361e] Auto-commit: 2026-06-15 00:00:01
 1 file changed, 5 insertions(+)
To github.com:qimf2022/openclaw.git
   c12e4ed..b8d361e  dev -> dev
[Mon Jun 15 12:00:07 AM CST 2026] 自动提交完成
[dev de6f145] Auto-commit: 2026-06-16 00:00:01
 1 file changed, 5 insertions(+)
To github.com:qimf2022/openclaw.git
   b8d361e..de6f145  dev -> dev
[Tue Jun 16 12:00:09 AM CST 2026] 自动提交完成
[dev 89bdecb] Auto-commit: 2026-06-17 00:00:01
 1 file changed, 5 insertions(+)
To github.com:qimf2022/openclaw.git
   de6f145..89bdecb  dev -> dev
[Wed Jun 17 12:00:08 AM CST 2026] 自动提交完成
[dev c19c1da] Auto-commit: 2026-06-18 00:00:01
 1 file changed, 5 insertions(+)
To github.com:qimf2022/openclaw.git
   89bdecb..c19c1da  dev -> dev
[Thu Jun 18 12:00:09 AM CST 2026] 自动提交完成
[dev 6a36393] Auto-commit: 2026-06-19 00:00:01
 1 file changed, 5 insertions(+)
To github.com:qimf2022/openclaw.git
   c19c1da..6a36393  dev -> dev
[Fri Jun 19 12:00:08 AM CST 2026] 自动提交完成
[dev df6716e] Auto-commit: 2026-06-20 00:00:01
 1 file changed, 5 insertions(+)
To github.com:qimf2022/openclaw.git
   6a36393..df6716e  dev -> dev
[Sat Jun 20 12:00:07 AM CST 2026] 自动提交完成
[dev 55064c7] Auto-commit: 2026-06-21 00:00:01
 1 file changed, 5 insertions(+)
To github.com:qimf2022/openclaw.git
   df6716e..55064c7  dev -> dev
[Sun Jun 21 12:00:06 AM CST 2026] 自动提交完成
[dev bee9b64] Auto-commit: 2026-06-22 00:00:01
 1 file changed, 5 insertions(+)
To github.com:qimf2022/openclaw.git
   55064c7..bee9b64  dev -> dev
[Mon Jun 22 12:00:07 AM CST 2026] 自动提交完成
[dev f3c7153] Auto-commit: 2026-06-23 00:00:01
 1 file changed, 5 insertions(+)
To github.com:qimf2022/openclaw.git
   bee9b64..f3c7153  dev -> dev
[Tue Jun 23 12:00:05 AM CST 2026] 自动提交完成
[dev 4cc26f6] Auto-commit: 2026-06-24 00:00:01
 1 file changed, 5 insertions(+)
To github.com:qimf2022/openclaw.git
   f3c7153..4cc26f6  dev -> dev
[Wed Jun 24 12:00:06 AM CST 2026] 自动提交完成
[dev 268bea9] Auto-commit: 2026-06-25 00:00:02
 1 file changed, 5 insertions(+)
To github.com:qimf2022/openclaw.git
   4cc26f6..268bea9  dev -> dev
[Thu Jun 25 12:00:06 AM CST 2026] 自动提交完成
[dev ce03010] Auto-commit: 2026-06-26 00:00:01
 1 file changed, 5 insertions(+)
To github.com:qimf2022/openclaw.git
   268bea9..ce03010  dev -> dev
[Fri Jun 26 12:00:10 AM CST 2026] 自动提交完成
[dev a967d62] Auto-commit: 2026-06-27 00:00:01
 1 file changed, 5 insertions(+)
To github.com:qimf2022/openclaw.git
   ce03010..a967d62  dev -> dev
[Sat Jun 27 12:00:08 AM CST 2026] 自动提交完成
[dev f68e556] Auto-commit: 2026-06-28 00:00:02
 1 file changed, 5 insertions(+)
To github.com:qimf2022/openclaw.git
   a967d62..f68e556  dev -> dev
[Sun Jun 28 12:00:06 AM CST 2026] 自动提交完成
[dev 0c3e90e] Auto-commit: 2026-06-29 00:00:01
 1 file changed, 5 insertions(+)
To github.com:qimf2022/openclaw.git
   f68e556..0c3e90e  dev -> dev
[Mon Jun 29 12:00:06 AM CST 2026] 自动提交完成
[dev c1c1bca] Auto-commit: 2026-06-30 00:00:01
 1 file changed, 5 insertions(+)
To github.com:qimf2022/openclaw.git
   0c3e90e..c1c1bca  dev -> dev
[Tue Jun 30 12:00:07 AM CST 2026] 自动提交完成
[dev 2f23a4c] Auto-commit: 2026-07-01 00:00:01
 1 file changed, 5 insertions(+)
To github.com:qimf2022/openclaw.git
   c1c1bca..2f23a4c  dev -> dev
[Wed Jul  1 12:00:08 AM CST 2026] 自动提交完成
[dev d0aa16d] Auto-commit: 2026-07-02 00:00:01
 1 file changed, 5 insertions(+)
To github.com:qimf2022/openclaw.git
   2f23a4c..d0aa16d  dev -> dev
[Thu Jul  2 12:00:07 AM CST 2026] 自动提交完成
[dev dbe1c81] Auto-commit: 2026-07-03 00:00:01
 1 file changed, 5 insertions(+)
To github.com:qimf2022/openclaw.git
   d0aa16d..dbe1c81  dev -> dev
[Fri Jul  3 12:00:08 AM CST 2026] 自动提交完成
[dev 23dbd60] Auto-commit: 2026-07-04 00:00:01
 1 file changed, 5 insertions(+)
To github.com:qimf2022/openclaw.git
   dbe1c81..23dbd60  dev -> dev
[Sat Jul  4 12:00:05 AM CST 2026] 自动提交完成
[dev 4eaaa12] Auto-commit: 2026-07-05 00:00:01
 1 file changed, 5 insertions(+)
To github.com:qimf2022/openclaw.git
   23dbd60..4eaaa12  dev -> dev
[Sun Jul  5 12:00:06 AM CST 2026] 自动提交完成
[dev ed2a54f] Auto-commit: 2026-07-06 00:00:01
 1 file changed, 5 insertions(+)
To github.com:qimf2022/openclaw.git
   4eaaa12..ed2a54f  dev -> dev
[Mon Jul  6 12:00:06 AM CST 2026] 自动提交完成
[dev c3e0d7b] Auto-commit: 2026-07-07 00:00:01
 1 file changed, 5 insertions(+)
To github.com:qimf2022/openclaw.git
   ed2a54f..c3e0d7b  dev -> dev
[Tue Jul  7 12:00:08 AM CST 2026] 自动提交完成
[dev 5760e90] Auto-commit: 2026-07-08 00:00:01
 1 file changed, 5 insertions(+)
To github.com:qimf2022/openclaw.git
   c3e0d7b..5760e90  dev -> dev
[Wed Jul  8 12:00:09 AM CST 2026] 自动提交完成
[dev e80251f] Auto-commit: 2026-07-09 00:00:01
 1 file changed, 5 insertions(+)
To github.com:qimf2022/openclaw.git
   5760e90..e80251f  dev -> dev
[Thu Jul  9 12:00:08 AM CST 2026] 自动提交完成
[dev 6154422] Auto-commit: 2026-07-10 00:00:02
 1 file changed, 5 insertions(+)
To github.com:qimf2022/openclaw.git
   e80251f..6154422  dev -> dev
[Fri Jul 10 12:00:07 AM CST 2026] 自动提交完成
[dev b26d3b5] Auto-commit: 2026-07-11 00:00:01
 1 file changed, 5 insertions(+)
To github.com:qimf2022/openclaw.git
   6154422..b26d3b5  dev -> dev
[Sat Jul 11 12:00:08 AM CST 2026] 自动提交完成
[dev dce855f] Auto-commit: 2026-07-12 00:00:01
 1 file changed, 5 insertions(+)
To github.com:qimf2022/openclaw.git
   b26d3b5..dce855f  dev -> dev
[Sun Jul 12 12:00:05 AM CST 2026] 自动提交完成
[dev 884741f] Auto-commit: 2026-07-13 00:00:01
 1 file changed, 5 insertions(+)
To github.com:qimf2022/openclaw.git
   dce855f..884741f  dev -> dev
[Mon Jul 13 12:00:08 AM CST 2026] 自动提交完成
[dev 9d57e56] Auto-commit: 2026-07-14 00:00:01
 1 file changed, 5 insertions(+)
To github.com:qimf2022/openclaw.git
   884741f..9d57e56  dev -> dev
[Tue Jul 14 12:00:06 AM CST 2026] 自动提交完成
[dev 68b8168] Auto-commit: 2026-07-15 00:00:01
 1 file changed, 5 insertions(+)
To github.com:qimf2022/openclaw.git
   9d57e56..68b8168  dev -> dev
[Wed Jul 15 12:00:06 AM CST 2026] 自动提交完成
[dev 09ee3ce] Auto-commit: 2026-07-16 00:00:01
 1 file changed, 5 insertions(+)
To github.com:qimf2022/openclaw.git
   68b8168..09ee3ce  dev -> dev
[Thu Jul 16 12:00:07 AM CST 2026] 自动提交完成
[dev e2da7b3] Auto-commit: 2026-07-17 00:00:01
 1 file changed, 5 insertions(+)
To github.com:qimf2022/openclaw.git
   09ee3ce..e2da7b3  dev -> dev
[Fri Jul 17 12:00:10 AM CST 2026] 自动提交完成
[dev a9469e6] Auto-commit: 2026-07-18 00:00:01
 1 file changed, 5 insertions(+)
To github.com:qimf2022/openclaw.git
   e2da7b3..a9469e6  dev -> dev
[Sat Jul 18 12:00:07 AM CST 2026] 自动提交完成
[dev 32f1427] Auto-commit: 2026-07-19 00:00:01
 1 file changed, 5 insertions(+)
To github.com:qimf2022/openclaw.git
   a9469e6..32f1427  dev -> dev
[Sun Jul 19 12:00:05 AM CST 2026] 自动提交完成
